<html>
<body>
<pre>
<h1>礦ision Build Log</h1>
<h2>Project:</h2>
E:\Current Work\2017 上半年 嵌入式\案例\窗口看门狗实验\USER\TEST.uvproj
Project File Date:  06/16/2015

<h2>Output:</h2>
Build target 'Target 1'
assembling STM32F10x.s...
compiling test.c...
compiling delay.c...
compiling sys.c...
compiling usart.c...
compiling led.c...
compiling key.c...
compiling exti.c...
compiling wdg.c...
linking...
Program Size: Code=3080 RO-data=268 RW-data=36 ZI-data=580  
FromELF: creating hex file...
"..\temp\TEST.axf" - 0 Error(s), 0 Warning(s).
