<html>
<body>
<pre>
<h1>礦ision Build Log</h1>
<h2>Project:</h2>
D:\Current Work\2018 上半年 嵌入式系统\示例\uCOSII_LED\USER\TEST.uvproj
Project File Date:  04/16/2017

<h2>Output:</h2>
Build target 'Target 1'
assembling STM32F10x.s...
compiling test.c...
compiling delay.c...
compiling sys.c...
compiling usart.c...
compiling led.c...
compiling key.c...
compiling OS_CORE.C...
compiling OS_FLAG.C...
compiling OS_MBOX.C...
compiling OS_MEM.C...
compiling OS_MUTEX.C...
compiling OS_Q.C...
compiling OS_SEM.C...
compiling OS_TASK.C...
compiling OS_TIME.C...
compiling os_cpu_c.c...
assembling os_cpu_a.asm...
linking...
Program Size: Code=10226 RO-data=534 RW-data=104 ZI-data=6656  
FromELF: creating hex file...
"..\..\Output\TEST.axf" - 0 Error(s), 0 Warning(s).
Build target 'Target 1'
linking...
Program Size: Code=10226 RO-data=534 RW-data=104 ZI-data=6656  
FromELF: creating hex file...
"..\..\Output\TEST.axf" - 0 Error(s), 0 Warning(s).
