<html>
<body>
<pre>
<h1>礦ision Build Log</h1>
<h2>Project:</h2>
D:\Current Work\2018 上半年 嵌入式系统\示例\4_按键输入\USER\Key.uvproj
Project File Date:  06/02/2015

<h2>Output:</h2>
Build target 'Target 1'
assembling STM32F10x.s...
compiling main.c...
main.c(3): error:  #5: cannot open source input file "led.h": No such file or directory
main.c:   #include "led.h" 
main.c:                    ^
main.c: main.c: 0 warnings, 1 error
compiling led.c...
led.c: Error:  #5: cannot open source input file "..\HAEDWARE\led.c": No such file or directory
led.c: ..\HAEDWARE\led.c: 0 warnings, 1 error
Target not created
Build target 'Target 1'
compiling main.c...
main.c(3): error:  #5: cannot open source input file "led.h": No such file or directory
main.c:   #include "led.h" 
main.c:                    ^
main.c: main.c: 0 warnings, 1 error
compiling led.c...
led.c: Error:  #5: cannot open source input file "..\HAEDWARE\led.c": No such file or directory
led.c: ..\HAEDWARE\led.c: 0 warnings, 1 error
Target not created
Build target 'Target 1'
assembling STM32F10x.s...
compiling main.c...
compiling led.c...
led.c: Error:  #5: cannot open source input file "..\HAEDWARE\led.c": No such file or directory
led.c: ..\HAEDWARE\led.c: 0 warnings, 1 error
Target not created
Build target 'Target 1'
compiling led.c...
led.c: Error:  #5: cannot open source input file "..\HAEDWARE\led.c": No such file or directory
led.c: ..\HAEDWARE\led.c: 0 warnings, 1 error
Target not created
Build target 'Target 1'
compiling led.c...
led.c: Error:  #5: cannot open source input file "..\HAEDWARE\led.c": No such file or directory
led.c: ..\HAEDWARE\led.c: 0 warnings, 1 error
Target not created
Build target 'Target 1'
compiling led.c...
led.c: Error:  #5: cannot open source input file "..\HAEDWARE\led.c": No such file or directory
led.c: ..\HAEDWARE\led.c: 0 warnings, 1 error
Target not created
Build target 'Target 1'
assembling STM32F10x.s...
compiling main.c...
compiling led.c...
led.c: Error:  #5: cannot open source input file "..\HAEDWARE\led.c": No such file or directory
led.c: ..\HAEDWARE\led.c: 0 warnings, 1 error
Target not created
Build target 'Target 1'
assembling STM32F10x.s...
compiling main.c...
compiling key.c...
compiling led.c...
compiling delay.c...
compiling sys.c...
linking...
Program Size: Code=1988 RO-data=268 RW-data=28 ZI-data=612  
FromELF: creating hex file...
"..\..\Output\Key.axf" - 0 Error(s), 0 Warning(s).
Load "..\\..\\Output\\Key.AXF" 
Set JLink Project File to "D:\Current Work\2018 上半年 嵌入式系统\示例\4_按键输入\USER\JLinkSettings.ini"
 
JLink info:
------------
DLL: V4.15n, compiled Jun 18 2010 19:55:09
Firmware: J-Link ARM V8 compiled Jan 31 2018 18:34:52
Hardware: V8.00
S/N : 20080643 
Feature(s) : RDI,FlashDL,FlashBP,JFlash,GDBFull 
 
* JLink Info: Could not measure total IR len. TDO is constant high.
**JLink Warning: No matching core found.
* JLink Info: Could not measure total IR len. TDO is constant high.
* JLink Info: Could not measure total IR len. TDO is constant high.
* JLink Info: Resetting target using RESET pin
* JLink Info: Halting CPU core
**JLink Warning: Received 0 as core Id.
***JLink Error: Could not find supported CPU core on JTAG chain
Bad JTAG communication: Write to IR: Expected 0x1, got 0x7 (TAP Command : 2) @ Off 0x5.
Load "..\\..\\Output\\Key.AXF" 
Set JLink Project File to "D:\Current Work\2018 上半年 嵌入式系统\示例\4_按键输入\USER\JLinkSettings.ini"
 
JLink info:
------------
DLL: V4.15n, compiled Jun 18 2010 19:55:09
Firmware: J-Link ARM V8 compiled Jan 31 2018 18:34:52
Hardware: V8.00
S/N : 20080643 
Feature(s) : RDI,FlashDL,FlashBP,JFlash,GDBFull 
 
* JLink Info: Could not measure total IR len. TDO is constant high.
**JLink Warning: No matching core found.
* JLink Info: Could not measure total IR len. TDO is constant high.
* JLink Info: Could not measure total IR len. TDO is constant high.
* JLink Info: Resetting target using RESET pin
* JLink Info: Halting CPU core
**JLink Warning: Received 0 as core Id.
***JLink Error: Could not find supported CPU core on JTAG chain
Bad JTAG communication: Write to IR: Expected 0x1, got 0x7 (TAP Command : 2) @ Off 0x5.
Load "..\\..\\Output\\Key.AXF" 
Set JLink Project File to "D:\Current Work\2018 上半年 嵌入式系统\示例\4_按键输入\USER\JLinkSettings.ini"
 
JLink info:
------------
DLL: V4.15n, compiled Jun 18 2010 19:55:09
Firmware: J-Link ARM V8 compiled Jan 31 2018 18:34:52
Hardware: V8.00
S/N : 20080643 
Feature(s) : RDI,FlashDL,FlashBP,JFlash,GDBFull 
 
* JLink Info: Found SWD-DP with ID 0x1BA01477
* JLink Info: TPIU fitted.
* JLink Info:   FPUnit: 6 code (BP) slots and 2 literal slots
ROMTableAddr = 0xE00FF003
 
Target info:
------------
Device: STM32F103VB
VTarget = 3.293V
State of Pins: 
TCK: 0, TDI: 0, TDO: 1, TMS: 0, TRES: 1, TRST: 0
* JLink Info: Found SWD-DP with ID 0x1BA01477
* JLink Info: TPIU fitted.
* JLink Info:   FPUnit: 6 code (BP) slots and 2 literal slots
Hardware-Breakpoints: 6
Software-Breakpoints: 2048
Watchpoints:          4
JTAG speed: 4000 kHz
 
Erase Done.
Programming Done.
Verify OK.
