<html>
<body>
<pre>
<h1>礦ision Build Log</h1>
<h2>Project:</h2>
E:\Current Work\2017 上半年 嵌入式\案例\ADC 温度与光照测量\USER\Temperature_Light.uvproj
Project File Date:  11/19/2015

<h2>Output:</h2>
Build target 'Target 1'
assembling STM32F10x.s...
compiling main.c...
compiling adc.c...
compiling key.c...
compiling led.c...
compiling delay.c...
compiling sys.c...
compiling usart.c...
linking...
Program Size: Code=9572 RO-data=332 RW-data=24 ZI-data=608  
FromELF: creating hex file...
"..\temp\Temperature_Light.axf" - 0 Error(s), 0 Warning(s).
