<html>
<body>
<pre>
<h1>礦ision Build Log</h1>
<h2>Project:</h2>
D:\Current Work\2018 上半年 嵌入式系统\示例\按键 例1 寄存器版\user\test.uvproj
Project File Date:  04/08/2018

<h2>Output:</h2>
Build target 'Target 1'
assembling STM32F10x.s...
compiling test.c...
test.c(14): warning:  #550-D: variable "Key_C" was set but never used
test.c:         int Key_C = 1;//检测结束时，key当前的状态
test.c:             ^
test.c(84): warning:  #9-D: nested comment is not allowed
test.c:   //*/
test.c:    ^
test.c: test.c: 2 warnings, 0 errors
compiling delay.c...
compiling sys.c...
compiling led.c...
compiling key.c...
compiling exti.c...
linking...
Program Size: Code=1808 RO-data=268 RW-data=28 ZI-data=516  
FromELF: creating hex file...
"..\TEST.axf" - 0 Error(s), 2 Warning(s).
Build target 'Target 1'
assembling STM32F10x.s...
compiling test.c...
test.c(14): warning:  #550-D: variable "Key_C" was set but never used
test.c:         int Key_C = 1;//检测结束时，key当前的状态
test.c:             ^
test.c(84): warning:  #9-D: nested comment is not allowed
test.c:   //*/
test.c:    ^
test.c: test.c: 2 warnings, 0 errors
compiling delay.c...
compiling sys.c...
compiling led.c...
compiling key.c...
compiling exti.c...
linking...
Program Size: Code=1808 RO-data=268 RW-data=28 ZI-data=516  
FromELF: creating hex file...
"..\Output\TEST.axf" - 0 Error(s), 2 Warning(s).
