<html>
<body>
<pre>
<h1>礦ision Build Log</h1>
<h2>Project:</h2>
D:\嵌入式实验\综合实验\时钟\USER\TEST.uvproj
Project File Date:  05/11/2018

<h2>Output:</h2>
Build target 'Target 1'
assembling STM32F10x.s...
compiling test.c...
compiling delay.c...
compiling sys.c...
compiling usart.c...
compiling led.c...
compiling key.c...
compiling exti.c...
compiling wdg.c...
compiling timer.c...
compiling adc.c...
linking...
Program Size: Code=12836 RO-data=332 RW-data=136 ZI-data=672  
FromELF: creating hex file...
"..\temp\TEST.axf" - 0 Error(s), 0 Warning(s).
Load "..\\temp\\TEST.AXF" 
Set JLink Project File to "D:\嵌入式实验\综合实验\时钟\USER\JLinkSettings.ini"
 
JLink info:
------------
DLL: V4.15n, compiled Jun 18 2010 19:55:09
Firmware: J-Link ARM V8 compiled Jan 31 2018 18:34:52
Hardware: V8.00
S/N : 20080643 
Feature(s) : RDI,FlashDL,FlashBP,JFlash,GDBFull 
 
* JLink Info: Found SWD-DP with ID 0x1BA01477
* JLink Info: TPIU fitted.
* JLink Info:   FPUnit: 6 code (BP) slots and 2 literal slots
ROMTableAddr = 0xE00FF003
 
Target info:
------------
Device: STM32F103RB
VTarget = 3.293V
State of Pins: 
TCK: 0, TDI: 1, TDO: 1, TMS: 0, TRES: 1, TRST: 0
* JLink Info: Found SWD-DP with ID 0x1BA01477
* JLink Info: TPIU fitted.
* JLink Info:   FPUnit: 6 code (BP) slots and 2 literal slots
Hardware-Breakpoints: 6
Software-Breakpoints: 2048
Watchpoints:          4
JTAG speed: 2000 kHz
 
Erase Done.
Programming Done.
Verify OK.
